// Jest Snapshot v1, https://goo.gl/fbAQLP

exports[`test AppHeader AppHeader matches snapshot 1`] = `
<DocumentFragment>
  <header
    class="MuiPaper-root MuiAppBar-root MuiAppBar-positionStatic MuiAppBar-colorTransparent MuiPaper-elevation0"
  >
    <div
      class="MuiToolbar-root MuiToolbar-regular makeStyles-toolbar-4 MuiToolbar-gutters"
    >
      <div />
      <p
        class="MuiTypography-root makeStyles-title-2 MuiTypography-body1 MuiTypography-alignLeft"
      >
        My Account
      </p>
      <button
        class="MuiButtonBase-root MuiButton-root MuiButton-text makeStyles-button-3 MuiButton-colorInherit"
        tabindex="0"
        type="button"
      >
        <span
          class="MuiButton-label"
        >
          Edit
        </span>
        <span
          class="MuiTouchRipple-root"
        />
      </button>
    </div>
  </header>
</DocumentFragment>
`;
